> Task :checkKotlinGradlePluginConfigurationErrors
> Task :processResources NO-SOURCE
> Task :processTestResources NO-SOURCE

> Task :compileKotlin FAILED
.\gradlew.bat : e: fil
e:///D:/Varun/Github/S
enseDev/src/main/kotli
n/state/AppState.kt:15
:24 Platform 
declaration clash: 
The following 
declarations have the 
same JVM signature (se
tAnalysisResult(Lcore/
AnalysisResult;)V):
At line:1 char:1
+ .\gradlew.bat build 
2>&1 | Out-File 
-FilePath 
build_output.txt
+ ~~~~~~~~~~~~~~~~~~~~
~~~~
    + CategoryInfo    
          : NotSpeci  
  fied: (e: file://   
 /D:/V...ysisResul    
t;)V)::String) []    
, RemoteException
    + FullyQualifiedE 
   rrorId : NativeCo  
  mmandError
 
    fun `<set-analysis
Result>`(`<set-?>`: 
AnalysisResult?): 
Unit defined in 
state.AppState
    fun setAnalysisRes
ult(result: 
AnalysisResult?): 
Unit defined in 
state.AppState
e: file:///D:/Varun/Gi
thub/SenseDev/src/main
/kotlin/state/AppState
.kt:18:21 Platform 
declaration clash: 
The following 
declarations have the 
same JVM signature 
(setAnalyzing(Z)V):
    fun `<set-isAnalyz
ing>`(`<set-?>`: 
Boolean): Unit 
defined in 
state.AppState
    fun setAnalyzing(a
nalyzing: Boolean): 
Unit defined in 
state.AppState
e: file:///D:/Varun/Gi
thub/SenseDev/src/main
/kotlin/state/AppState
.kt:35:5 Platform 
declaration clash: 
The following 
declarations have the 
same JVM signature (se
tAnalysisResult(Lcore/
AnalysisResult;)V):
    fun `<set-analysis
Result>`(`<set-?>`: 
AnalysisResult?): 
Unit defined in 
state.AppState
    fun setAnalysisRes
ult(result: 
AnalysisResult?): 
Unit defined in 
state.AppState
e: file:///D:/Varun/Gi
thub/SenseDev/src/main
/kotlin/state/AppState
.kt:39:5 Platform 
declaration clash: 
The following 
declarations have the 
same JVM signature 
(setAnalyzing(Z)V):
    fun `<set-isAnalyz
ing>`(`<set-?>`: 
Boolean): Unit 
defined in 
state.AppState
    fun setAnalyzing(a
nalyzing: Boolean): 
Unit defined in 
state.AppState

FAILURE: Build failed 
with an exception.

* What went wrong:
Execution failed for 
task ':compileKotlin'.
> A failure occurred 
while executing org.je
tbrains.kotlin.compile
rRunner.GradleCompiler
RunnerWithWorkers$Grad
leKotlinCompilerWorkAc
tion
   > Compilation 
error. See log for 
more details

* Try:
> Run with 
--stacktrace option 
to get the stack 
trace.
> Run with --info or 
--debug option to get 
more log output.
> Run with --scan to 
get full insights.
> Get more help at htt
ps://help.gradle.org.

BUILD FAILED in 14s
2 actionable tasks: 2 executed
