> Task :checkKotlinGradlePluginConfigurationErrors

> Task :compileKotlin
.\gradlew.bat : e: file:///D:/V
arun/Github/SenseDev/src/main/k
otlin/core/ai/providers/GeminiP
rovider.kt:29:39 Unresolved 
reference: AIPromptParts
At line:1 char:1
+ .\gradlew.bat compileKotlin 
> build_error.log 2>&1
+ ~~~~~~~~~~~~~~~~~~~~~~~~~~~~~
~~~~~~~~~~~~~~~~~~~~~
    + CategoryInfo          :  
   NotSpecified: (e: file:///  
  D:/V...: AIPromptParts:Str   
 ing) [], RemoteException
    + FullyQualifiedErrorId :  
   NativeCommandError
 

> Task :compileKotlin FAILED

FAILURE: Build failed with an 
exception.

* What went wrong:
Execution failed for task 
':compileKotlin'.
> A failure occurred while 
executing org.jetbrains.kotlin.
compilerRunner.GradleCompilerRu
nnerWithWorkers$GradleKotlinCom
pilerWorkAction
   > Compilation error. See 
log for more details

* Try:
> Run with --stacktrace option 
to get the stack trace.
> Run with --info or --debug 
option to get more log output.
> Run with --scan to get full 
insights.
> Get more help at 
https://help.gradle.org.

BUILD FAILED in 6s
2 actionable tasks: 2 executed
