> Task :checkKotlinGradlePluginConfigurationErrors

> Task :compileKotlin FAILED
.\gradlew.bat : e: file:///D:/V
arun/Github/SenseDev/src/main/k
otlin/core/graph/GraphBuilder.k
t:53:35 Unresolved reference: 
findClassByMethodCall
At line:1 char:1
+ .\gradlew.bat compileKotlin 
> compile_errors.txt 2>&1
+ ~~~~~~~~~~~~~~~~~~~~~~~~~~~~~
~~~~~~~~~~~~~~~~~~~~~~~~
    + CategoryInfo          :  
   NotSpecified: (e: file:///  
  D:/V...assByMethodCall:Str   
 ing) [], RemoteException
    + FullyQualifiedErrorId :  
   NativeCommandError
 
e: file:///D:/Varun/Github/Sens
eDev/src/main/kotlin/core/graph
/GraphBuilder.kt:57:44 
Unresolved reference: 
determineEdgeType
e: file:///D:/Varun/Github/Sens
eDev/src/main/kotlin/ui/compone
nts/FolderTreePanel.kt:12:47 
Unresolved reference: Folder
e: file:///D:/Varun/Github/Sens
eDev/src/main/kotlin/ui/compone
nts/FolderTreePanel.kt:13:47 
Unresolved reference: 
InsertDriveFile
e: file:///D:/Varun/Github/Sens
eDev/src/main/kotlin/ui/compone
nts/FolderTreePanel.kt:88:49 
Unresolved reference: Folder
e: file:///D:/Varun/Github/Sens
eDev/src/main/kotlin/ui/compone
nts/FolderTreePanel.kt:96:49 
Unresolved reference: 
InsertDriveFile

FAILURE: Build failed with an 
exception.

* What went wrong:
Execution failed for task 
':compileKotlin'.
> A failure occurred while 
executing org.jetbrains.kotlin.
compilerRunner.GradleCompilerRu
nnerWithWorkers$GradleKotlinCom
pilerWorkAction
   > Compilation error. See 
log for more details

* Try:
> Run with --stacktrace option 
to get the stack trace.
> Run with --info or --debug 
option to get more log output.
> Run with --scan to get full 
insights.
> Get more help at 
https://help.gradle.org.

BUILD FAILED in 8s
2 actionable tasks: 2 executed
